🚀 Starting development server...
   Server PID: 4781
⏳ Waiting for server to start...
   Checking... (1/30)
   Checking... (2/30)
   Checking... (3/30)
   Checking... (4/30)
   Checking... (5/30)
✅ Server is ready!

🧪 Running ClickFunnels Integration Test...
━━━━━━━━━━━━━━━━━━━━━━━━━━━━━━━━━━━━━━━━━━━━━

🧪 Testing ClickFunnels Integration

📝 Test Registration Data:
{
  "name": "Test User ClickFunnels",
  "email": "test.cf.1762905026549@example.com",
  "phone": "+1234567890",
  "timezone": "America/New_York",
  "country": "US",
  "privacyConsent": true,
  "marketingConsent": true,
  "gdprConsent": false
}

📤 Sending registration request...

✅ Registration Successful!

Response: {
  "registrationId": "cmhv850ge0001jwpkezb23weo",
  "registration": {
    "id": "cmhv850ge0001jwpkezb23weo",
    "name": "Test User ClickFunnels",
    "email": "test.cf.1762905026549@example.com"
  },
  "message": "Registration successful! Check your email for confirmation."
}

📊 Next Steps:
1. Check your terminal logs for ClickFunnels sync messages:
   📤 Sending contact to ClickFunnels: test.cf.1762905026549@example.com
   ✅ Contact sent to ClickFunnels: con_xxxxx
   ✅ Webinar registration synced to ClickFunnels

2. Go to ClickFunnels → Contacts
3. Search for: test.cf.1762905026549@example.com
4. Verify tag: UM-Webinar-Registered
5. Check custom fields are populated


━━━━━━━━━━━━━━━━━━━━━━━━━━━━━━━━━━━━━━━━━━━━━

📋 Server logs for ClickFunnels sync:

✅ Registration created with scheduledStartTime: null
📤 Sending contact to ClickFunnels: test.cf.1762905026549@example.com

🛑 Stopping server...

📄 Full relevant logs saved to: cf-test-logs.txt
✅ Test complete!
