🚀 Starting development server...
   Server PID: 68560
⏳ Waiting for server to start...
✅ Server is ready!

🧪 Running ClickFunnels Integration Test...
━━━━━━━━━━━━━━━━━━━━━━━━━━━━━━━━━━━━━━━━━━━━━

🧪 Testing ClickFunnels Integration

📝 Test Registration Data:
{
  "name": "Test User ClickFunnels",
  "email": "test.cf.1762912964473@example.com",
  "phone": "+1234567890",
  "timezone": "America/New_York",
  "country": "US",
  "privacyConsent": true,
  "marketingConsent": true,
  "gdprConsent": false
}

📤 Sending registration request...

✅ Registration Successful!

Response: {
  "registrationId": "cmhvcv18t0003jwrpccuktlre",
  "registration": {
    "id": "cmhvcv18t0003jwrpccuktlre",
    "name": "Test User ClickFunnels",
    "email": "test.cf.1762912964473@example.com"
  },
  "message": "Registration successful! Check your email for confirmation."
}

📊 Next Steps:
1. Check your terminal logs for ClickFunnels sync messages:
   📤 Sending contact to ClickFunnels: test.cf.1762912964473@example.com
   ✅ Contact sent to ClickFunnels: con_xxxxx
   ✅ Webinar registration synced to ClickFunnels

2. Go to ClickFunnels → Contacts
3. Search for: test.cf.1762912964473@example.com
4. Verify tag: UM-Webinar-Registered
5. Check custom fields are populated


━━━━━━━━━━━━━━━━━━━━━━━━━━━━━━━━━━━━━━━━━━━━━

⏳ Waiting for async ClickFunnels sync to complete...

📋 Server logs for ClickFunnels sync:

grep: server.log: No such file or directory

🛑 Stopping server...

📄 Full relevant logs saved to: cf-test-logs.txt
✅ Test complete!
